python : Creating 
test database for 
alias 'default'...
At line:1 char:1
+ python manage.py 
test api.tests.test_se
rializers > 
test_output.txt 2> ...
+ ~~~~~~~~~~~~~~~~~~~~
~~~~~~~~~~~~~~~~~~~~~~
~~~~~~~~~~~~~~~~~~~~~~
~~~~~
    + CategoryInfo    
          : NotSpeci  
  fied: (Creating t   
 est d...as 'defau    
lt'...:String) []    
, RemoteException
    + FullyQualifiedE 
   rrorId : NativeCo  
  mmandError
 

.F.
======================
======================
======================
====
FAIL: test_register_se
rializer_mismatch_pass
words (api.tests.test_
serializers.AuthSerial
izerTests.test_registe
r_serializer_mismatch_
passwords)
----------------------
----------------------
----------------------
----
Traceback (most 
recent call last):
  File 
"C:\sidd\Incubyte Assi
gnment\Incubyte-assign
ment\api\tests\test_se
rializers.py", line 
27, in test_register_s
erializer_mismatch_pas
swords
    self.assertIn('non
_field_errors', 
serializer.errors)
    ~~~~~~~~~~~~~^^^^^
^^^^^^^^^^^^^^^^^^^^^^
^^^^^^^^^^^^
AssertionError: 
'non_field_errors' 
not found in 
{'password': [ErrorDet
ail(string="Password 
fields didn't 
match.", 
code='invalid')]}

----------------------
----------------------
----------------------
----
Ran 3 tests in 1.633s

FAILED (failures=1)
Destroying test 
database for alias 
'default'...

Found 3 test(s).
System check identified no issues (0 silenced).
